// Jest Snapshot v1, https://goo.gl/fbAQLP

exports[`App component App snapshot 1`] = `
<BrowserRouter>
  <Switch>
    <Route
      component={[Function]}
      exact={true}
      path="/"
    />
    <Route
      component={
        Object {
          "$$typeof": Symbol(react.memo),
          "WrappedComponent": [Function],
          "compare": null,
          "displayName": "Connect(Users)",
          "type": [Function],
        }
      }
      exact={true}
      path="/users"
    />
  </Switch>
</BrowserRouter>
`;
